Component: ARM Compiler 6.14.1 Tool: armlink [5db06d00]

==============================================================================

Section Cross References

    main.o(.text.main) refers to main.o(.text.SysTick_Config) for SysTick_Config
    main.o(.text.main) refers to led.o(.text.LED_Init) for LED_Init
    main.o(.text.main) refers to led.o(.text.LED_Welcome) for LED_Welcome
    main.o(.text.main) refers to uart.o(.text.UART_Init) for UART_Init
    main.o(.text.main) refers to uart.o(.text.UART_Println) for UART_Println
    main.o(.text.main) refers to i2c.o(.text.I2C_Init) for I2C_Init
    main.o(.text.main) refers to mma8451q.o(.text.Mma8451q_Init) for Mma8451q_Init
    main.o(.text.main) refers to convert.o(.text.convert) for convert
    main.o(.text.main) refers to uart.o(.text.UART_Print) for UART_Print
    main.o(.text.main) refers to main.o(.bss.newTick) for [Anonymous Symbol]
    main.o(.text.main) refers to main.o(.bss.msTicks) for [Anonymous Symbol]
    main.o(.text.main) refers to main.o(.data.letter) for [Anonymous Symbol]
    main.o(.text.main) refers to main.o(.bss.iterator) for [Anonymous Symbol]
    main.o(.ARM.exidx.text.main) refers to main.o(.text.main) for [Anonymous Symbol]
    main.o(.text.SysTick_Config) refers to main.o(.text.__NVIC_SetPriority) for __NVIC_SetPriority
    main.o(.ARM.exidx.text.SysTick_Config) refers to main.o(.text.SysTick_Config) for [Anonymous Symbol]
    main.o(.text.PORTA_IRQHandler) refers to i2c.o(.text.I2C_ReadReg) for I2C_ReadReg
    main.o(.text.PORTA_IRQHandler) refers to led.o(.text.LED_Blink) for LED_Blink
    main.o(.text.PORTA_IRQHandler) refers to main.o(.bss.readout) for [Anonymous Symbol]
    main.o(.text.PORTA_IRQHandler) refers to main.o(.bss.iterator) for [Anonymous Symbol]
    main.o(.text.PORTA_IRQHandler) refers to main.o(.data.letter) for [Anonymous Symbol]
    main.o(.text.PORTA_IRQHandler) refers to main.o(.bss.msTicks) for [Anonymous Symbol]
    main.o(.ARM.exidx.text.PORTA_IRQHandler) refers to main.o(.text.PORTA_IRQHandler) for [Anonymous Symbol]
    main.o(.text.SysTick_Handler) refers to main.o(.bss.newTick) for [Anonymous Symbol]
    main.o(.text.SysTick_Handler) refers to main.o(.bss.msTicks) for [Anonymous Symbol]
    main.o(.ARM.exidx.text.SysTick_Handler) refers to main.o(.text.SysTick_Handler) for [Anonymous Symbol]
    main.o(.ARM.exidx.text.__NVIC_SetPriority) refers to main.o(.text.__NVIC_SetPriority) for [Anonymous Symbol]
    i2c.o(.ARM.exidx.text.I2C_Init) refers to i2c.o(.text.I2C_Init) for [Anonymous Symbol]
    i2c.o(.text.I2C_Ping) refers to i2c.o(.text.i2c_enable) for i2c_enable
    i2c.o(.text.I2C_Ping) refers to i2c.o(.text.i2c_tran) for i2c_tran
    i2c.o(.text.I2C_Ping) refers to i2c.o(.text.i2c_m_start) for i2c_m_start
    i2c.o(.text.I2C_Ping) refers to i2c.o(.text.i2c_send) for i2c_send
    i2c.o(.text.I2C_Ping) refers to i2c.o(.text.i2c_wait) for i2c_wait
    i2c.o(.text.I2C_Ping) refers to i2c.o(.text.i2c_m_stop) for i2c_m_stop
    i2c.o(.text.I2C_Ping) refers to i2c.o(.text.i2c_disable) for i2c_disable
    i2c.o(.text.I2C_Ping) refers to i2c.o(.bss.error) for [Anonymous Symbol]
    i2c.o(.ARM.exidx.text.I2C_Ping) refers to i2c.o(.text.I2C_Ping) for [Anonymous Symbol]
    i2c.o(.ARM.exidx.text.i2c_enable) refers to i2c.o(.text.i2c_enable) for [Anonymous Symbol]
    i2c.o(.ARM.exidx.text.i2c_tran) refers to i2c.o(.text.i2c_tran) for [Anonymous Symbol]
    i2c.o(.ARM.exidx.text.i2c_m_start) refers to i2c.o(.text.i2c_m_start) for [Anonymous Symbol]
    i2c.o(.ARM.exidx.text.i2c_send) refers to i2c.o(.text.i2c_send) for [Anonymous Symbol]
    i2c.o(.text.i2c_wait) refers to i2c.o(.bss.error) for [Anonymous Symbol]
    i2c.o(.ARM.exidx.text.i2c_wait) refers to i2c.o(.text.i2c_wait) for [Anonymous Symbol]
    i2c.o(.ARM.exidx.text.i2c_m_stop) refers to i2c.o(.text.i2c_m_stop) for [Anonymous Symbol]
    i2c.o(.ARM.exidx.text.i2c_disable) refers to i2c.o(.text.i2c_disable) for [Anonymous Symbol]
    i2c.o(.text.I2C_Write) refers to i2c.o(.text.i2c_enable) for i2c_enable
    i2c.o(.text.I2C_Write) refers to i2c.o(.text.i2c_tran) for i2c_tran
    i2c.o(.text.I2C_Write) refers to i2c.o(.text.i2c_m_start) for i2c_m_start
    i2c.o(.text.I2C_Write) refers to i2c.o(.text.i2c_send) for i2c_send
    i2c.o(.text.I2C_Write) refers to i2c.o(.text.i2c_wait) for i2c_wait
    i2c.o(.text.I2C_Write) refers to i2c.o(.text.i2c_m_stop) for i2c_m_stop
    i2c.o(.text.I2C_Write) refers to i2c.o(.text.i2c_disable) for i2c_disable
    i2c.o(.text.I2C_Write) refers to i2c.o(.bss.error) for [Anonymous Symbol]
    i2c.o(.ARM.exidx.text.I2C_Write) refers to i2c.o(.text.I2C_Write) for [Anonymous Symbol]
    i2c.o(.text.I2C_Read) refers to i2c.o(.text.i2c_enable) for i2c_enable
    i2c.o(.text.I2C_Read) refers to i2c.o(.text.i2c_tran) for i2c_tran
    i2c.o(.text.I2C_Read) refers to i2c.o(.text.i2c_m_start) for i2c_m_start
    i2c.o(.text.I2C_Read) refers to i2c.o(.text.i2c_send) for i2c_send
    i2c.o(.text.I2C_Read) refers to i2c.o(.text.i2c_wait) for i2c_wait
    i2c.o(.text.I2C_Read) refers to i2c.o(.text.i2c_rec) for i2c_rec
    i2c.o(.text.I2C_Read) refers to i2c.o(.text.i2c_nack) for i2c_nack
    i2c.o(.text.I2C_Read) refers to i2c.o(.text.i2c_recv) for i2c_recv
    i2c.o(.text.I2C_Read) refers to i2c.o(.text.i2c_m_stop) for i2c_m_stop
    i2c.o(.text.I2C_Read) refers to i2c.o(.text.i2c_disable) for i2c_disable
    i2c.o(.text.I2C_Read) refers to i2c.o(.bss.error) for [Anonymous Symbol]
    i2c.o(.ARM.exidx.text.I2C_Read) refers to i2c.o(.text.I2C_Read) for [Anonymous Symbol]
    i2c.o(.ARM.exidx.text.i2c_rec) refers to i2c.o(.text.i2c_rec) for [Anonymous Symbol]
    i2c.o(.ARM.exidx.text.i2c_nack) refers to i2c.o(.text.i2c_nack) for [Anonymous Symbol]
    i2c.o(.ARM.exidx.text.i2c_recv) refers to i2c.o(.text.i2c_recv) for [Anonymous Symbol]
    i2c.o(.text.I2C_WriteReg) refers to i2c.o(.text.i2c_enable) for i2c_enable
    i2c.o(.text.I2C_WriteReg) refers to i2c.o(.text.i2c_tran) for i2c_tran
    i2c.o(.text.I2C_WriteReg) refers to i2c.o(.text.i2c_m_start) for i2c_m_start
    i2c.o(.text.I2C_WriteReg) refers to i2c.o(.text.i2c_send) for i2c_send
    i2c.o(.text.I2C_WriteReg) refers to i2c.o(.text.i2c_wait) for i2c_wait
    i2c.o(.text.I2C_WriteReg) refers to i2c.o(.text.i2c_m_stop) for i2c_m_stop
    i2c.o(.text.I2C_WriteReg) refers to i2c.o(.text.i2c_disable) for i2c_disable
    i2c.o(.text.I2C_WriteReg) refers to i2c.o(.bss.error) for [Anonymous Symbol]
    i2c.o(.ARM.exidx.text.I2C_WriteReg) refers to i2c.o(.text.I2C_WriteReg) for [Anonymous Symbol]
    i2c.o(.text.I2C_ReadReg) refers to i2c.o(.text.i2c_enable) for i2c_enable
    i2c.o(.text.I2C_ReadReg) refers to i2c.o(.text.i2c_tran) for i2c_tran
    i2c.o(.text.I2C_ReadReg) refers to i2c.o(.text.i2c_m_start) for i2c_m_start
    i2c.o(.text.I2C_ReadReg) refers to i2c.o(.text.i2c_send) for i2c_send
    i2c.o(.text.I2C_ReadReg) refers to i2c.o(.text.i2c_wait) for i2c_wait
    i2c.o(.text.I2C_ReadReg) refers to i2c.o(.text.i2c_m_rstart) for i2c_m_rstart
    i2c.o(.text.I2C_ReadReg) refers to i2c.o(.text.i2c_rec) for i2c_rec
    i2c.o(.text.I2C_ReadReg) refers to i2c.o(.text.i2c_nack) for i2c_nack
    i2c.o(.text.I2C_ReadReg) refers to i2c.o(.text.i2c_recv) for i2c_recv
    i2c.o(.text.I2C_ReadReg) refers to i2c.o(.text.i2c_m_stop) for i2c_m_stop
    i2c.o(.text.I2C_ReadReg) refers to i2c.o(.text.i2c_disable) for i2c_disable
    i2c.o(.text.I2C_ReadReg) refers to i2c.o(.bss.error) for [Anonymous Symbol]
    i2c.o(.ARM.exidx.text.I2C_ReadReg) refers to i2c.o(.text.I2C_ReadReg) for [Anonymous Symbol]
    i2c.o(.ARM.exidx.text.i2c_m_rstart) refers to i2c.o(.text.i2c_m_rstart) for [Anonymous Symbol]
    i2c.o(.text.I2C_ReadRegBlock) refers to i2c.o(.text.i2c_enable) for i2c_enable
    i2c.o(.text.I2C_ReadRegBlock) refers to i2c.o(.text.i2c_tran) for i2c_tran
    i2c.o(.text.I2C_ReadRegBlock) refers to i2c.o(.text.i2c_m_start) for i2c_m_start
    i2c.o(.text.I2C_ReadRegBlock) refers to i2c.o(.text.i2c_send) for i2c_send
    i2c.o(.text.I2C_ReadRegBlock) refers to i2c.o(.text.i2c_wait) for i2c_wait
    i2c.o(.text.I2C_ReadRegBlock) refers to i2c.o(.text.i2c_m_rstart) for i2c_m_rstart
    i2c.o(.text.I2C_ReadRegBlock) refers to i2c.o(.text.i2c_rec) for i2c_rec
    i2c.o(.text.I2C_ReadRegBlock) refers to i2c.o(.text.i2c_ack) for i2c_ack
    i2c.o(.text.I2C_ReadRegBlock) refers to i2c.o(.text.i2c_recv) for i2c_recv
    i2c.o(.text.I2C_ReadRegBlock) refers to i2c.o(.text.i2c_nack) for i2c_nack
    i2c.o(.text.I2C_ReadRegBlock) refers to i2c.o(.text.i2c_m_stop) for i2c_m_stop
    i2c.o(.text.I2C_ReadRegBlock) refers to i2c.o(.text.i2c_disable) for i2c_disable
    i2c.o(.text.I2C_ReadRegBlock) refers to i2c.o(.bss.error) for [Anonymous Symbol]
    i2c.o(.ARM.exidx.text.I2C_ReadRegBlock) refers to i2c.o(.text.I2C_ReadRegBlock) for [Anonymous Symbol]
    i2c.o(.ARM.exidx.text.i2c_ack) refers to i2c.o(.text.i2c_ack) for [Anonymous Symbol]
    led.o(.text.LED_Init) refers to led.o(.rodata.led) for [Anonymous Symbol]
    led.o(.ARM.exidx.text.LED_Init) refers to led.o(.text.LED_Init) for [Anonymous Symbol]
    led.o(.text.LED_Ctrl) refers to led.o(.rodata.led) for [Anonymous Symbol]
    led.o(.ARM.exidx.text.LED_Ctrl) refers to led.o(.text.LED_Ctrl) for [Anonymous Symbol]
    led.o(.text.LED_Blink) refers to led.o(.text.LED_Ctrl) for LED_Ctrl
    led.o(.ARM.exidx.text.LED_Blink) refers to led.o(.text.LED_Blink) for [Anonymous Symbol]
    led.o(.text.LED_Welcome) refers to led.o(.text.LED_Blink) for LED_Blink
    led.o(.ARM.exidx.text.LED_Welcome) refers to led.o(.text.LED_Welcome) for [Anonymous Symbol]
    uart.o(.text.UART_Init) refers to aeabi_sdivfast.o(.text_divfast) for __aeabi_uidiv
    uart.o(.text.UART_Init) refers to system_mkl05z4.o(.data.SystemCoreClock) for SystemCoreClock
    uart.o(.ARM.exidx.text.UART_Init) refers to uart.o(.text.UART_Init) for [Anonymous Symbol]
    uart.o(.text.UART_Print) refers to uart.o(.text.uart_send) for uart_send
    uart.o(.ARM.exidx.text.UART_Print) refers to uart.o(.text.UART_Print) for [Anonymous Symbol]
    uart.o(.ARM.exidx.text.uart_send) refers to uart.o(.text.uart_send) for [Anonymous Symbol]
    uart.o(.text.UART_Println) refers to uart.o(.text.UART_Print) for UART_Print
    uart.o(.ARM.exidx.text.UART_Println) refers to uart.o(.text.UART_Println) for [Anonymous Symbol]
    mma8451q.o(.text.Mma8451q_Init) refers to mma8451q.o(.text.__NVIC_ClearPendingIRQ) for __NVIC_ClearPendingIRQ
    mma8451q.o(.text.Mma8451q_Init) refers to mma8451q.o(.text.__NVIC_EnableIRQ) for __NVIC_EnableIRQ
    mma8451q.o(.text.Mma8451q_Init) refers to mma8451q.o(.text.__NVIC_SetPriority) for __NVIC_SetPriority
    mma8451q.o(.text.Mma8451q_Init) refers to i2c.o(.text.I2C_WriteReg) for I2C_WriteReg
    mma8451q.o(.text.Mma8451q_Init) refers to i2c.o(.text.I2C_ReadReg) for I2C_ReadReg
    mma8451q.o(.text.Mma8451q_Init) refers to uart.o(.text.UART_Println) for UART_Println
    mma8451q.o(.text.Mma8451q_Init) refers to mma8451q.o(.bss.ctrl_reg1_data) for [Anonymous Symbol]
    mma8451q.o(.ARM.exidx.text.Mma8451q_Init) refers to mma8451q.o(.text.Mma8451q_Init) for [Anonymous Symbol]
    mma8451q.o(.ARM.exidx.text.__NVIC_ClearPendingIRQ) refers to mma8451q.o(.text.__NVIC_ClearPendingIRQ) for [Anonymous Symbol]
    mma8451q.o(.ARM.exidx.text.__NVIC_EnableIRQ) refers to mma8451q.o(.text.__NVIC_EnableIRQ) for [Anonymous Symbol]
    mma8451q.o(.ARM.exidx.text.__NVIC_SetPriority) refers to mma8451q.o(.text.__NVIC_SetPriority) for [Anonymous Symbol]
    convert.o(.text.convert) refers to strcmpv6m.o(.text) for strcmp
    convert.o(.text.convert) refers to uart.o(.text.UART_Print) for UART_Print
    convert.o(.text.convert) refers to uart.o(.text.UART_Println) for UART_Println
    convert.o(.text.convert) refers to convert.o(.rodata.str1.1) for .L.str.62
    convert.o(.ARM.exidx.text.convert) refers to convert.o(.text.convert) for [Anonymous Symbol]
    startup_mkl05z4.o(STACK) refers (Special) to heapauxi.o(.text) for __use_two_region_memory
    startup_mkl05z4.o(HEAP) refers (Special) to heapauxi.o(.text) for __use_two_region_memory
    startup_mkl05z4.o(RESET) refers (Special) to heapauxi.o(.text) for __use_two_region_memory
    startup_mkl05z4.o(RESET) refers to startup_mkl05z4.o(STACK) for __initial_sp
    startup_mkl05z4.o(RESET) refers to startup_mkl05z4.o(.text) for Reset_Handler
    startup_mkl05z4.o(RESET) refers to main.o(.text.SysTick_Handler) for SysTick_Handler
    startup_mkl05z4.o(RESET) refers to main.o(.text.PORTA_IRQHandler) for PORTA_IRQHandler
    startup_mkl05z4.o(.ARM.__at_0x400) refers (Special) to heapauxi.o(.text) for __use_two_region_memory
    startup_mkl05z4.o(.text) refers (Special) to heapauxi.o(.text) for __use_two_region_memory
    startup_mkl05z4.o(.text) refers to system_mkl05z4.o(.text.SystemInit) for SystemInit
    startup_mkl05z4.o(.text) refers to __main.o(!!!main) for __main
    startup_mkl05z4.o(.text) refers to startup_mkl05z4.o(HEAP) for Heap_Mem
    startup_mkl05z4.o(.text) refers to startup_mkl05z4.o(STACK) for Stack_Mem
    system_mkl05z4.o(.ARM.exidx.text.SystemInit) refers to system_mkl05z4.o(.text.SystemInit) for [Anonymous Symbol]
    system_mkl05z4.o(.text.SystemCoreClockUpdate) refers to aeabi_sdivfast.o(.text_divfast) for __aeabi_uidiv
    system_mkl05z4.o(.text.SystemCoreClockUpdate) refers to system_mkl05z4.o(.data.SystemCoreClock) for SystemCoreClock
    system_mkl05z4.o(.ARM.exidx.text.SystemCoreClockUpdate) refers to system_mkl05z4.o(.text.SystemCoreClockUpdate) for [Anonymous Symbol]
    __main.o(!!!main) refers to __rtentry.o(.ARM.Collect$$rtentry$$00000000) for __rt_entry
    __rtentry.o(.ARM.Collect$$rtentry$$00000000) refers (Special) to __rtentry2.o(.ARM.Collect$$rtentry$$0000000A) for __rt_entry_li
    __rtentry.o(.ARM.Collect$$rtentry$$00000000) refers (Special) to __rtentry2.o(.ARM.Collect$$rtentry$$0000000D) for __rt_entry_main
    __rtentry.o(.ARM.Collect$$rtentry$$00000000) refers (Special) to __rtentry2.o(.ARM.Collect$$rtentry$$0000000C) for __rt_entry_postli_1
    __rtentry.o(.ARM.Collect$$rtentry$$00000000) refers (Special) to __rtentry2.o(.ARM.Collect$$rtentry$$00000009) for __rt_entry_postsh_1
    __rtentry.o(.ARM.Collect$$rtentry$$00000000) refers (Special) to __rtentry2.o(.ARM.Collect$$rtentry$$00000002) for __rt_entry_presh_1
    __rtentry.o(.ARM.Collect$$rtentry$$00000000) refers (Special) to __rtentry4.o(.ARM.Collect$$rtentry$$00000004) for __rt_entry_sh
    aeabi_idiv0_sigfpe.o(.text) refers to rt_div0.o(.text) for __rt_div0
    __rtentry2.o(.ARM.Collect$$rtentry$$00000008) refers to boardinit2.o(.text) for _platform_post_stackheap_init
    __rtentry2.o(.ARM.Collect$$rtentry$$0000000A) refers to libinit.o(.ARM.Collect$$libinit$$00000000) for __rt_lib_init
    __rtentry2.o(.ARM.Collect$$rtentry$$0000000B) refers to boardinit3.o(.text) for _platform_post_lib_init
    __rtentry2.o(.ARM.Collect$$rtentry$$0000000D) refers to main.o(.text.main) for main
    __rtentry2.o(.ARM.Collect$$rtentry$$0000000D) refers to exit.o(.text) for exit
    __rtentry2.o(.ARM.exidx) refers to __rtentry2.o(.ARM.Collect$$rtentry$$00000001) for .ARM.Collect$$rtentry$$00000001
    __rtentry2.o(.ARM.exidx) refers to __rtentry2.o(.ARM.Collect$$rtentry$$00000008) for .ARM.Collect$$rtentry$$00000008
    __rtentry2.o(.ARM.exidx) refers to __rtentry2.o(.ARM.Collect$$rtentry$$0000000A) for .ARM.Collect$$rtentry$$0000000A
    __rtentry2.o(.ARM.exidx) refers to __rtentry2.o(.ARM.Collect$$rtentry$$0000000B) for .ARM.Collect$$rtentry$$0000000B
    __rtentry2.o(.ARM.exidx) refers to __rtentry2.o(.ARM.Collect$$rtentry$$0000000D) for .ARM.Collect$$rtentry$$0000000D
    __rtentry4.o(.ARM.Collect$$rtentry$$00000004) refers to sys_stackheap_outer.o(.text) for __user_setup_stackheap
    __rtentry4.o(.ARM.exidx) refers to __rtentry4.o(.ARM.Collect$$rtentry$$00000004) for .ARM.Collect$$rtentry$$00000004
    rt_div0.o(.text) refers to defsig_fpe_outer.o(.text) for __rt_SIGFPE
    sys_stackheap_outer.o(.text) refers to libspace.o(.text) for __user_perproc_libspace
    sys_stackheap_outer.o(.text) refers to startup_mkl05z4.o(.text) for __user_initial_stackheap
    sys_stackheap_outer.o(__vectab_stack_and_reset_area) refers to tempstk.o(.text) for __temporary_stack_top
    sys_stackheap_outer.o(__vectab_stack_and_reset_area) refers to __main.o(!!!main) for __main
    exit.o(.text) refers to rtexit.o(.ARM.Collect$$rtexit$$00000000) for __rt_exit
    defsig_fpe_outer.o(.text) refers to defsig_fpe_inner.o(.text) for __rt_SIGFPE_inner
    defsig_fpe_outer.o(.text) refers to defsig_exit.o(.text) for __sig_exit
    defsig_fpe_formal.o(.text) refers to rt_raise.o(.text) for __rt_raise
    libinit.o(.ARM.Collect$$libinit$$00000000) refers (Special) to libinit2.o(.ARM.Collect$$libinit$$0000002E) for __rt_lib_init_alloca_1
    libinit.o(.ARM.Collect$$libinit$$00000000) refers (Special) to libinit2.o(.ARM.Collect$$libinit$$0000002C) for __rt_lib_init_argv_1
    libinit.o(.ARM.Collect$$libinit$$00000000) refers (Special) to libinit2.o(.ARM.Collect$$libinit$$0000001B) for __rt_lib_init_atexit_1
    libinit.o(.ARM.Collect$$libinit$$00000000) refers (Special) to libinit2.o(.ARM.Collect$$libinit$$00000021) for __rt_lib_init_clock_1
    libinit.o(.ARM.Collect$$libinit$$00000000) refers (Special) to libinit2.o(.ARM.Collect$$libinit$$00000032) for __rt_lib_init_cpp_1
    libinit.o(.ARM.Collect$$libinit$$00000000) refers (Special) to libinit2.o(.ARM.Collect$$libinit$$00000030) for __rt_lib_init_exceptions_1
    libinit.o(.ARM.Collect$$libinit$$00000000) refers (Special) to libinit2.o(.ARM.Collect$$libinit$$00000002) for __rt_lib_init_fp_1
    libinit.o(.ARM.Collect$$libinit$$00000000) refers (Special) to libinit2.o(.ARM.Collect$$libinit$$0000001F) for __rt_lib_init_fp_trap_1
    libinit.o(.ARM.Collect$$libinit$$00000000) refers (Special) to libinit2.o(.ARM.Collect$$libinit$$00000023) for __rt_lib_init_getenv_1
    libinit.o(.ARM.Collect$$libinit$$00000000) refers (Special) to libinit2.o(.ARM.Collect$$libinit$$0000000A) for __rt_lib_init_heap_1
    libinit.o(.ARM.Collect$$libinit$$00000000) refers (Special) to libinit2.o(.ARM.Collect$$libinit$$00000011) for __rt_lib_init_lc_collate_1
    libinit.o(.ARM.Collect$$libinit$$00000000) refers (Special) to libinit2.o(.ARM.Collect$$libinit$$00000013) for __rt_lib_init_lc_ctype_1
    libinit.o(.ARM.Collect$$libinit$$00000000) refers (Special) to libinit2.o(.ARM.Collect$$libinit$$00000015) for __rt_lib_init_lc_monetary_1
    libinit.o(.ARM.Collect$$libinit$$00000000) refers (Special) to libinit2.o(.ARM.Collect$$libinit$$00000017) for __rt_lib_init_lc_numeric_1
    libinit.o(.ARM.Collect$$libinit$$00000000) refers (Special) to libinit2.o(.ARM.Collect$$libinit$$00000019) for __rt_lib_init_lc_time_1
    libinit.o(.ARM.Collect$$libinit$$00000000) refers (Special) to libinit2.o(.ARM.Collect$$libinit$$00000004) for __rt_lib_init_preinit_1
    libinit.o(.ARM.Collect$$libinit$$00000000) refers (Special) to libinit2.o(.ARM.Collect$$libinit$$0000000E) for __rt_lib_init_rand_1
    libinit.o(.ARM.Collect$$libinit$$00000000) refers (Special) to libinit2.o(.ARM.Collect$$libinit$$00000033) for __rt_lib_init_return
    libinit.o(.ARM.Collect$$libinit$$00000000) refers (Special) to libinit2.o(.ARM.Collect$$libinit$$0000001D) for __rt_lib_init_signal_1
    libinit.o(.ARM.Collect$$libinit$$00000000) refers (Special) to libinit2.o(.ARM.Collect$$libinit$$00000025) for __rt_lib_init_stdio_1
    libinit.o(.ARM.Collect$$libinit$$00000000) refers (Special) to libinit2.o(.ARM.Collect$$libinit$$0000000C) for __rt_lib_init_user_alloc_1
    libspace.o(.text) refers to libspace.o(.bss) for __libspace_start
    rtexit.o(.ARM.Collect$$rtexit$$00000000) refers (Special) to rtexit2.o(.ARM.Collect$$rtexit$$00000004) for __rt_exit_exit
    rtexit.o(.ARM.Collect$$rtexit$$00000000) refers (Special) to rtexit2.o(.ARM.Collect$$rtexit$$00000003) for __rt_exit_ls
    rtexit.o(.ARM.Collect$$rtexit$$00000000) refers (Special) to rtexit2.o(.ARM.Collect$$rtexit$$00000002) for __rt_exit_prels_1
    rtexit.o(.ARM.exidx) refers (Special) to rtexit2.o(.ARM.Collect$$rtexit$$00000004) for __rt_exit_exit
    rtexit.o(.ARM.exidx) refers (Special) to rtexit2.o(.ARM.Collect$$rtexit$$00000003) for __rt_exit_ls
    rtexit.o(.ARM.exidx) refers (Special) to rtexit2.o(.ARM.Collect$$rtexit$$00000002) for __rt_exit_prels_1
    rtexit.o(.ARM.exidx) refers to rtexit.o(.ARM.Collect$$rtexit$$00000000) for .ARM.Collect$$rtexit$$00000000
    rt_raise.o(.text) refers to __raise.o(.text) for __raise
    rt_raise.o(.text) refers to sys_exit.o(.text) for _sys_exit
    defsig_exit.o(.text) refers to sys_exit.o(.text) for _sys_exit
    defsig_fpe_inner.o(.text) refers to defsig_general.o(.text) for __default_signal_display
    libinit2.o(.ARM.Collect$$libinit$$00000010) refers to libinit2.o(.ARM.Collect$$libinit$$0000000F) for .ARM.Collect$$libinit$$0000000F
    libinit2.o(.ARM.Collect$$libinit$$00000012) refers to libinit2.o(.ARM.Collect$$libinit$$0000000F) for .ARM.Collect$$libinit$$0000000F
    libinit2.o(.ARM.Collect$$libinit$$00000014) refers to libinit2.o(.ARM.Collect$$libinit$$0000000F) for .ARM.Collect$$libinit$$0000000F
    libinit2.o(.ARM.Collect$$libinit$$00000016) refers to libinit2.o(.ARM.Collect$$libinit$$0000000F) for .ARM.Collect$$libinit$$0000000F
    libinit2.o(.ARM.Collect$$libinit$$00000018) refers to libinit2.o(.ARM.Collect$$libinit$$0000000F) for .ARM.Collect$$libinit$$0000000F
    libinit2.o(.ARM.Collect$$libinit$$00000026) refers to argv_veneer.o(.text) for __ARM_argv_veneer
    libinit2.o(.ARM.Collect$$libinit$$00000027) refers to argv_veneer.o(.text) for __ARM_argv_veneer
    sys_exit.o(.text) refers (Special) to use_no_semi.o(.text) for __I$use$semihosting
    sys_exit.o(.text) refers (Special) to indicate_semi.o(.text) for __semihosting_library_function
    sys_exit_hlt.o(.text) refers (Special) to use_no_semi.o(.text) for __I$use$semihosting
    sys_exit_hlt.o(.text) refers (Special) to indicate_semi.o(.text) for __semihosting_library_function
    rtexit2.o(.ARM.Collect$$rtexit$$00000003) refers to libshutdown.o(.ARM.Collect$$libshutdown$$00000000) for __rt_lib_shutdown
    rtexit2.o(.ARM.Collect$$rtexit$$00000004) refers to sys_exit.o(.text) for _sys_exit
    rtexit2.o(.ARM.exidx) refers to rtexit2.o(.ARM.Collect$$rtexit$$00000001) for .ARM.Collect$$rtexit$$00000001
    rtexit2.o(.ARM.exidx) refers to rtexit2.o(.ARM.Collect$$rtexit$$00000003) for .ARM.Collect$$rtexit$$00000003
    rtexit2.o(.ARM.exidx) refers to rtexit2.o(.ARM.Collect$$rtexit$$00000004) for .ARM.Collect$$rtexit$$00000004
    __raise.o(.text) refers to defsig.o(CL$$defsig) for __default_signal_handler
    defsig_general.o(.text) refers to sys_wrch.o(.text) for _ttywrch
    sys_wrch.o(.text) refers (Special) to use_no_semi.o(.text) for __I$use$semihosting
    sys_wrch.o(.text) refers (Special) to indicate_semi.o(.text) for __semihosting_library_function
    sys_wrch_hlt.o(.text) refers (Special) to use_no_semi.o(.text) for __I$use$semihosting
    sys_wrch_hlt.o(.text) refers (Special) to indicate_semi.o(.text) for __semihosting_library_function
    defsig.o(CL$$defsig) refers to defsig_fpe_inner.o(.text) for __rt_SIGFPE_inner
    defsig.o(CL$$defsig) refers to defsig_rtmem_inner.o(.text) for __rt_SIGRTMEM_inner
    _get_argv_nomalloc.o(.text) refers (Special) to hrguard.o(.text) for __heap_region$guard
    _get_argv_nomalloc.o(.text) refers to defsig_rtmem_outer.o(.text) for __rt_SIGRTMEM
    _get_argv_nomalloc.o(.text) refers to sys_command.o(.text) for _sys_command_string
    libshutdown.o(.ARM.Collect$$libshutdown$$00000000) refers (Special) to libshutdown2.o(.ARM.Collect$$libshutdown$$00000002) for __rt_lib_shutdown_cpp_1
    libshutdown.o(.ARM.Collect$$libshutdown$$00000000) refers (Special) to libshutdown2.o(.ARM.Collect$$libshutdown$$00000007) for __rt_lib_shutdown_fp_trap_1
    libshutdown.o(.ARM.Collect$$libshutdown$$00000000) refers (Special) to libshutdown2.o(.ARM.Collect$$libshutdown$$0000000F) for __rt_lib_shutdown_heap_1
    libshutdown.o(.ARM.Collect$$libshutdown$$00000000) refers (Special) to libshutdown2.o(.ARM.Collect$$libshutdown$$00000010) for __rt_lib_shutdown_return
    libshutdown.o(.ARM.Collect$$libshutdown$$00000000) refers (Special) to libshutdown2.o(.ARM.Collect$$libshutdown$$0000000A) for __rt_lib_shutdown_signal_1
    libshutdown.o(.ARM.Collect$$libshutdown$$00000000) refers (Special) to libshutdown2.o(.ARM.Collect$$libshutdown$$00000004) for __rt_lib_shutdown_stdio_1
    libshutdown.o(.ARM.Collect$$libshutdown$$00000000) refers (Special) to libshutdown2.o(.ARM.Collect$$libshutdown$$0000000C) for __rt_lib_shutdown_user_alloc_1
    sys_command.o(.text) refers (Special) to use_no_semi.o(.text) for __I$use$semihosting
    sys_command.o(.text) refers (Special) to indicate_semi.o(.text) for __semihosting_library_function
    sys_command_hlt.o(.text) refers (Special) to use_no_semi.o(.text) for __I$use$semihosting
    sys_command_hlt.o(.text) refers (Special) to indicate_semi.o(.text) for __semihosting_library_function
    defsig_abrt_inner.o(.text) refers to defsig_general.o(.text) for __default_signal_display
    defsig_rtred_inner.o(.text) refers to defsig_general.o(.text) for __default_signal_display
    defsig_rtmem_inner.o(.text) refers to defsig_general.o(.text) for __default_signal_display
    defsig_rtmem_outer.o(.text) refers to defsig_rtmem_inner.o(.text) for __rt_SIGRTMEM_inner
    defsig_rtmem_outer.o(.text) refers to defsig_exit.o(.text) for __sig_exit
    defsig_rtmem_formal.o(.text) refers to rt_raise.o(.text) for __rt_raise
    defsig_stak_inner.o(.text) refers to defsig_general.o(.text) for __default_signal_display
    defsig_pvfn_inner.o(.text) refers to defsig_general.o(.text) for __default_signal_display
    defsig_cppl_inner.o(.text) refers to defsig_general.o(.text) for __default_signal_display
    defsig_segv_inner.o(.text) refers to defsig_general.o(.text) for __default_signal_display
    defsig_other.o(.text) refers to defsig_general.o(.text) for __default_signal_display


==============================================================================

Removing Unused input sections from the image.

    Removing main.o(.text), (0 bytes).
    Removing main.o(.ARM.exidx.text.main), (8 bytes).
    Removing main.o(.ARM.exidx.text.SysTick_Config), (8 bytes).
    Removing main.o(.ARM.exidx.text.PORTA_IRQHandler), (8 bytes).
    Removing main.o(.ARM.exidx.text.SysTick_Handler), (8 bytes).
    Removing main.o(.ARM.exidx.text.__NVIC_SetPriority), (8 bytes).
    Removing main.o(.ARM.use_no_argv), (4 bytes).
    Removing i2c.o(.text), (0 bytes).
    Removing i2c.o(.ARM.exidx.text.I2C_Init), (8 bytes).
    Removing i2c.o(.text.I2C_Ping), (52 bytes).
    Removing i2c.o(.ARM.exidx.text.I2C_Ping), (8 bytes).
    Removing i2c.o(.ARM.exidx.text.i2c_enable), (8 bytes).
    Removing i2c.o(.ARM.exidx.text.i2c_tran), (8 bytes).
    Removing i2c.o(.ARM.exidx.text.i2c_m_start), (8 bytes).
    Removing i2c.o(.ARM.exidx.text.i2c_send), (8 bytes).
    Removing i2c.o(.ARM.exidx.text.i2c_wait), (8 bytes).
    Removing i2c.o(.ARM.exidx.text.i2c_m_stop), (8 bytes).
    Removing i2c.o(.ARM.exidx.text.i2c_disable), (8 bytes).
    Removing i2c.o(.text.I2C_Write), (64 bytes).
    Removing i2c.o(.ARM.exidx.text.I2C_Write), (8 bytes).
    Removing i2c.o(.text.I2C_Read), (76 bytes).
    Removing i2c.o(.ARM.exidx.text.I2C_Read), (8 bytes).
    Removing i2c.o(.ARM.exidx.text.i2c_rec), (8 bytes).
    Removing i2c.o(.ARM.exidx.text.i2c_nack), (8 bytes).
    Removing i2c.o(.ARM.exidx.text.i2c_recv), (8 bytes).
    Removing i2c.o(.ARM.exidx.text.I2C_WriteReg), (8 bytes).
    Removing i2c.o(.ARM.exidx.text.I2C_ReadReg), (8 bytes).
    Removing i2c.o(.ARM.exidx.text.i2c_m_rstart), (8 bytes).
    Removing i2c.o(.text.I2C_ReadRegBlock), (148 bytes).
    Removing i2c.o(.ARM.exidx.text.I2C_ReadRegBlock), (8 bytes).
    Removing i2c.o(.text.i2c_ack), (16 bytes).
    Removing i2c.o(.ARM.exidx.text.i2c_ack), (8 bytes).
    Removing led.o(.text), (0 bytes).
    Removing led.o(.ARM.exidx.text.LED_Init), (8 bytes).
    Removing led.o(.ARM.exidx.text.LED_Ctrl), (8 bytes).
    Removing led.o(.ARM.exidx.text.LED_Blink), (8 bytes).
    Removing led.o(.ARM.exidx.text.LED_Welcome), (8 bytes).
    Removing uart.o(.text), (0 bytes).
    Removing uart.o(.ARM.exidx.text.UART_Init), (8 bytes).
    Removing uart.o(.ARM.exidx.text.UART_Print), (8 bytes).
    Removing uart.o(.ARM.exidx.text.uart_send), (8 bytes).
    Removing uart.o(.ARM.exidx.text.UART_Println), (8 bytes).
    Removing mma8451q.o(.text), (0 bytes).
    Removing mma8451q.o(.ARM.exidx.text.Mma8451q_Init), (8 bytes).
    Removing mma8451q.o(.ARM.exidx.text.__NVIC_ClearPendingIRQ), (8 bytes).
    Removing mma8451q.o(.ARM.exidx.text.__NVIC_EnableIRQ), (8 bytes).
    Removing mma8451q.o(.ARM.exidx.text.__NVIC_SetPriority), (8 bytes).
    Removing convert.o(.text), (0 bytes).
    Removing convert.o(.ARM.exidx.text.convert), (8 bytes).
    Removing system_mkl05z4.o(.text), (0 bytes).
    Removing system_mkl05z4.o(.ARM.exidx.text.SystemInit), (8 bytes).
    Removing system_mkl05z4.o(.text.SystemCoreClockUpdate), (184 bytes).
    Removing system_mkl05z4.o(.ARM.exidx.text.SystemCoreClockUpdate), (8 bytes).

53 unused section(s) (total 856 bytes) removed from the image.

==============================================================================

Image Symbol Table

    Local Symbols

    Symbol Name                              Value     Ov Type        Size  Object(Section)

    ../clib/angel/boardlib.s                 0x00000000   Number         0  boardinit1.o ABSOLUTE
    ../clib/angel/boardlib.s                 0x00000000   Number         0  boardinit2.o ABSOLUTE
    ../clib/angel/boardlib.s                 0x00000000   Number         0  boardinit3.o ABSOLUTE
    ../clib/angel/boardlib.s                 0x00000000   Number         0  boardshut.o ABSOLUTE
    ../clib/angel/handlers.s                 0x00000000   Number         0  __scatter_copy.o ABSOLUTE
    ../clib/angel/handlers.s                 0x00000000   Number         0  __scatter_zi.o ABSOLUTE
    ../clib/angel/kernel.s                   0x00000000   Number         0  __rtentry.o ABSOLUTE
    ../clib/angel/kernel.s                   0x00000000   Number         0  __rtentry2.o ABSOLUTE
    ../clib/angel/kernel.s                   0x00000000   Number         0  __rtentry4.o ABSOLUTE
    ../clib/angel/kernel.s                   0x00000000   Number         0  rtexit.o ABSOLUTE
    ../clib/angel/kernel.s                   0x00000000   Number         0  rtexit2.o ABSOLUTE
    ../clib/angel/rt.s                       0x00000000   Number         0  aeabi_idiv0.o ABSOLUTE
    ../clib/angel/rt.s                       0x00000000   Number         0  aeabi_idiv0_sigfpe.o ABSOLUTE
    ../clib/angel/rt.s                       0x00000000   Number         0  rt_div0.o ABSOLUTE
    ../clib/angel/rt.s                       0x00000000   Number         0  rt_raise.o ABSOLUTE
    ../clib/angel/scatterp.s                 0x00000000   Number         0  __scatter.o ABSOLUTE
    ../clib/angel/startup.s                  0x00000000   Number         0  __main.o ABSOLUTE
    ../clib/angel/sys.s                      0x00000000   Number         0  sys_stackheap_outer.o ABSOLUTE
    ../clib/angel/sys.s                      0x00000000   Number         0  libspace.o ABSOLUTE
    ../clib/angel/sys.s                      0x00000000   Number         0  tempstk.o ABSOLUTE
    ../clib/angel/sys.s                      0x00000000   Number         0  use_no_semi.o ABSOLUTE
    ../clib/angel/sys.s                      0x00000000   Number         0  indicate_semi.o ABSOLUTE
    ../clib/angel/sysapp.c                   0x00000000   Number         0  sys_exit.o ABSOLUTE
    ../clib/angel/sysapp.c                   0x00000000   Number         0  sys_exit_hlt.o ABSOLUTE
    ../clib/angel/sysapp.c                   0x00000000   Number         0  sys_wrch.o ABSOLUTE
    ../clib/angel/sysapp.c                   0x00000000   Number         0  sys_wrch_hlt.o ABSOLUTE
    ../clib/angel/sysapp.c                   0x00000000   Number         0  sys_command.o ABSOLUTE
    ../clib/angel/sysapp.c                   0x00000000   Number         0  sys_command_hlt.o ABSOLUTE
    ../clib/armsys.c                         0x00000000   Number         0  argv_veneer.o ABSOLUTE
    ../clib/armsys.c                         0x00000000   Number         0  _get_argv_nomalloc.o ABSOLUTE
    ../clib/armsys.c                         0x00000000   Number         0  no_argv.o ABSOLUTE
    ../clib/division.s                       0x00000000   Number         0  aeabi_sdivfast.o ABSOLUTE
    ../clib/division.s                       0x00000000   Number         0  aeabi_sdivfast_div0.o ABSOLUTE
    ../clib/heapalloc.c                      0x00000000   Number         0  hrguard.o ABSOLUTE
    ../clib/heapaux.c                        0x00000000   Number         0  heapauxi.o ABSOLUTE
    ../clib/libinit.s                        0x00000000   Number         0  libinit.o ABSOLUTE
    ../clib/libinit.s                        0x00000000   Number         0  libinit2.o ABSOLUTE
    ../clib/libinit.s                        0x00000000   Number         0  libshutdown.o ABSOLUTE
    ../clib/libinit.s                        0x00000000   Number         0  libshutdown2.o ABSOLUTE
    ../clib/memcpset.s                       0x00000000   Number         0  strcmpv6m.o ABSOLUTE
    ../clib/signal.c                         0x00000000   Number         0  defsig_fpe_outer.o ABSOLUTE
    ../clib/signal.c                         0x00000000   Number         0  defsig_fpe_formal.o ABSOLUTE
    ../clib/signal.c                         0x00000000   Number         0  defsig_exit.o ABSOLUTE
    ../clib/signal.c                         0x00000000   Number         0  defsig_fpe_inner.o ABSOLUTE
    ../clib/signal.c                         0x00000000   Number         0  __raise.o ABSOLUTE
    ../clib/signal.c                         0x00000000   Number         0  defsig_general.o ABSOLUTE
    ../clib/signal.c                         0x00000000   Number         0  defsig_abrt_inner.o ABSOLUTE
    ../clib/signal.c                         0x00000000   Number         0  defsig_rtred_inner.o ABSOLUTE
    ../clib/signal.c                         0x00000000   Number         0  defsig_rtmem_inner.o ABSOLUTE
    ../clib/signal.c                         0x00000000   Number         0  defsig_rtmem_outer.o ABSOLUTE
    ../clib/signal.c                         0x00000000   Number         0  defsig_rtmem_formal.o ABSOLUTE
    ../clib/signal.c                         0x00000000   Number         0  defsig_stak_inner.o ABSOLUTE
    ../clib/signal.c                         0x00000000   Number         0  defsig_pvfn_inner.o ABSOLUTE
    ../clib/signal.c                         0x00000000   Number         0  defsig_cppl_inner.o ABSOLUTE
    ../clib/signal.c                         0x00000000   Number         0  defsig_segv_inner.o ABSOLUTE
    ../clib/signal.c                         0x00000000   Number         0  defsig_other.o ABSOLUTE
    ../clib/signal.s                         0x00000000   Number         0  defsig.o ABSOLUTE
    ../clib/stdlib.c                         0x00000000   Number         0  exit.o ABSOLUTE
    ../fplib/cfplib/fpinit.c                 0x00000000   Number         0  fpinit.o ABSOLUTE
    RTE/Device/MKL05Z32xxx4/startup_MKL05Z4.s 0x00000000   Number         0  startup_mkl05z4.o ABSOLUTE
    convert.c                                0x00000000   Number         0  convert.o ABSOLUTE
    dc.s                                     0x00000000   Number         0  dc.o ABSOLUTE
    i2c.c                                    0x00000000   Number         0  i2c.o ABSOLUTE
    led.c                                    0x00000000   Number         0  led.o ABSOLUTE
    main.c                                   0x00000000   Number         0  main.o ABSOLUTE
    mma8451q.c                               0x00000000   Number         0  mma8451q.o ABSOLUTE
    system_MKL05Z4.c                         0x00000000   Number         0  system_mkl05z4.o ABSOLUTE
    uart.c                                   0x00000000   Number         0  uart.o ABSOLUTE
    RESET                                    0x00000000   Section      192  startup_mkl05z4.o(RESET)
    !!!main                                  0x000000c0   Section        8  __main.o(!!!main)
    !!!scatter                               0x000000c8   Section       60  __scatter.o(!!!scatter)
    !!handler_copy                           0x00000104   Section       26  __scatter_copy.o(!!handler_copy)
    !!handler_zi                             0x00000120   Section       28  __scatter_zi.o(!!handler_zi)
    .ARM.Collect$$libinit$$00000000          0x0000013c   Section        2  libinit.o(.ARM.Collect$$libinit$$00000000)
    .ARM.Collect$$libinit$$00000002          0x0000013e   Section        0  libinit2.o(.ARM.Collect$$libinit$$00000002)
    .ARM.Collect$$libinit$$00000004          0x0000013e   Section        0  libinit2.o(.ARM.Collect$$libinit$$00000004)
    .ARM.Collect$$libinit$$0000000A          0x0000013e   Section        0  libinit2.o(.ARM.Collect$$libinit$$0000000A)
    .ARM.Collect$$libinit$$0000000C          0x0000013e   Section        0  libinit2.o(.ARM.Collect$$libinit$$0000000C)
    .ARM.Collect$$libinit$$0000000E          0x0000013e   Section        0  libinit2.o(.ARM.Collect$$libinit$$0000000E)
    .ARM.Collect$$libinit$$00000011          0x0000013e   Section        0  libinit2.o(.ARM.Collect$$libinit$$00000011)
    .ARM.Collect$$libinit$$00000013          0x0000013e   Section        0  libinit2.o(.ARM.Collect$$libinit$$00000013)
    .ARM.Collect$$libinit$$00000015          0x0000013e   Section        0  libinit2.o(.ARM.Collect$$libinit$$00000015)
    .ARM.Collect$$libinit$$00000017          0x0000013e   Section        0  libinit2.o(.ARM.Collect$$libinit$$00000017)
    .ARM.Collect$$libinit$$00000019          0x0000013e   Section        0  libinit2.o(.ARM.Collect$$libinit$$00000019)
    .ARM.Collect$$libinit$$0000001B          0x0000013e   Section        0  libinit2.o(.ARM.Collect$$libinit$$0000001B)
    .ARM.Collect$$libinit$$0000001D          0x0000013e   Section        0  libinit2.o(.ARM.Collect$$libinit$$0000001D)
    .ARM.Collect$$libinit$$0000001F          0x0000013e   Section        0  libinit2.o(.ARM.Collect$$libinit$$0000001F)
    .ARM.Collect$$libinit$$00000021          0x0000013e   Section        0  libinit2.o(.ARM.Collect$$libinit$$00000021)
    .ARM.Collect$$libinit$$00000023          0x0000013e   Section        0  libinit2.o(.ARM.Collect$$libinit$$00000023)
    .ARM.Collect$$libinit$$00000025          0x0000013e   Section        0  libinit2.o(.ARM.Collect$$libinit$$00000025)
    .ARM.Collect$$libinit$$0000002C          0x0000013e   Section        0  libinit2.o(.ARM.Collect$$libinit$$0000002C)
    .ARM.Collect$$libinit$$0000002E          0x0000013e   Section        0  libinit2.o(.ARM.Collect$$libinit$$0000002E)
    .ARM.Collect$$libinit$$00000030          0x0000013e   Section        0  libinit2.o(.ARM.Collect$$libinit$$00000030)
    .ARM.Collect$$libinit$$00000032          0x0000013e   Section        0  libinit2.o(.ARM.Collect$$libinit$$00000032)
    .ARM.Collect$$libinit$$00000033          0x0000013e   Section        2  libinit2.o(.ARM.Collect$$libinit$$00000033)
    .ARM.Collect$$libshutdown$$00000000      0x00000140   Section        2  libshutdown.o(.ARM.Collect$$libshutdown$$00000000)
    .ARM.Collect$$libshutdown$$00000002      0x00000142   Section        0  libshutdown2.o(.ARM.Collect$$libshutdown$$00000002)
    .ARM.Collect$$libshutdown$$00000004      0x00000142   Section        0  libshutdown2.o(.ARM.Collect$$libshutdown$$00000004)
    .ARM.Collect$$libshutdown$$00000007      0x00000142   Section        0  libshutdown2.o(.ARM.Collect$$libshutdown$$00000007)
    .ARM.Collect$$libshutdown$$0000000A      0x00000142   Section        0  libshutdown2.o(.ARM.Collect$$libshutdown$$0000000A)
    .ARM.Collect$$libshutdown$$0000000C      0x00000142   Section        0  libshutdown2.o(.ARM.Collect$$libshutdown$$0000000C)
    .ARM.Collect$$libshutdown$$0000000F      0x00000142   Section        0  libshutdown2.o(.ARM.Collect$$libshutdown$$0000000F)
    .ARM.Collect$$libshutdown$$00000010      0x00000142   Section        2  libshutdown2.o(.ARM.Collect$$libshutdown$$00000010)
    .ARM.Collect$$rtentry$$00000000          0x00000144   Section        0  __rtentry.o(.ARM.Collect$$rtentry$$00000000)
    .ARM.Collect$$rtentry$$00000002          0x00000144   Section        0  __rtentry2.o(.ARM.Collect$$rtentry$$00000002)
    .ARM.Collect$$rtentry$$00000004          0x00000144   Section        6  __rtentry4.o(.ARM.Collect$$rtentry$$00000004)
    .ARM.Collect$$rtentry$$00000009          0x0000014a   Section        0  __rtentry2.o(.ARM.Collect$$rtentry$$00000009)
    .ARM.Collect$$rtentry$$0000000A          0x0000014a   Section        4  __rtentry2.o(.ARM.Collect$$rtentry$$0000000A)
    .ARM.Collect$$rtentry$$0000000C          0x0000014e   Section        0  __rtentry2.o(.ARM.Collect$$rtentry$$0000000C)
    .ARM.Collect$$rtentry$$0000000D          0x0000014e   Section        8  __rtentry2.o(.ARM.Collect$$rtentry$$0000000D)
    .ARM.Collect$$rtexit$$00000000           0x00000156   Section        2  rtexit.o(.ARM.Collect$$rtexit$$00000000)
    .ARM.Collect$$rtexit$$00000002           0x00000158   Section        0  rtexit2.o(.ARM.Collect$$rtexit$$00000002)
    .ARM.Collect$$rtexit$$00000003           0x00000158   Section        4  rtexit2.o(.ARM.Collect$$rtexit$$00000003)
    .ARM.Collect$$rtexit$$00000004           0x0000015c   Section        6  rtexit2.o(.ARM.Collect$$rtexit$$00000004)
    .text                                    0x00000164   Section       52  startup_mkl05z4.o(.text)
    .text                                    0x00000198   Section      176  strcmpv6m.o(.text)
    .text                                    0x00000248   Section        0  heapauxi.o(.text)
    .text                                    0x0000024e   Section       62  sys_stackheap_outer.o(.text)
    .text                                    0x0000028c   Section        0  exit.o(.text)
    .text                                    0x0000029c   Section        8  libspace.o(.text)
    .text                                    0x000002a4   Section        0  sys_exit.o(.text)
    .text                                    0x000002b0   Section        2  use_no_semi.o(.text)
    .text                                    0x000002b2   Section        0  indicate_semi.o(.text)
    [Anonymous Symbol]                       0x000002b4   Section        0  i2c.o(.text.I2C_Init)
    __arm_cp.0_0                             0x000002fc   Number         4  i2c.o(.text.I2C_Init)
    __arm_cp.0_1                             0x00000300   Number         4  i2c.o(.text.I2C_Init)
    __arm_cp.0_2                             0x00000304   Number         4  i2c.o(.text.I2C_Init)
    [Anonymous Symbol]                       0x00000308   Section        0  i2c.o(.text.I2C_ReadReg)
    [Anonymous Symbol]                       0x00000370   Section        0  i2c.o(.text.I2C_WriteReg)
    __arm_cp.14_0                            0x000003bc   Number         4  i2c.o(.text.I2C_WriteReg)
    [Anonymous Symbol]                       0x000003c0   Section        0  led.o(.text.LED_Blink)
    __arm_cp.2_0                             0x000003f0   Number         4  led.o(.text.LED_Blink)
    [Anonymous Symbol]                       0x000003f4   Section        0  i2c.o(.text.i2c_disable)
    .ARM.__at_0x400                          0x00000400   Section       16  startup_mkl05z4.o(.ARM.__at_0x400)
    [Anonymous Symbol]                       0x00000410   Section        0  led.o(.text.LED_Ctrl)
    [Anonymous Symbol]                       0x0000044c   Section        0  led.o(.text.LED_Init)
    __arm_cp.0_1                             0x00000484   Number         4  led.o(.text.LED_Init)
    [Anonymous Symbol]                       0x00000488   Section        0  led.o(.text.LED_Welcome)
    [Anonymous Symbol]                       0x0000049c   Section        0  mma8451q.o(.text.Mma8451q_Init)
    __arm_cp.0_0                             0x0000055c   Number         4  mma8451q.o(.text.Mma8451q_Init)
    __arm_cp.0_1                             0x00000560   Number         4  mma8451q.o(.text.Mma8451q_Init)
    __arm_cp.0_2                             0x00000564   Number         4  mma8451q.o(.text.Mma8451q_Init)
    __arm_cp.0_3                             0x00000568   Number         4  mma8451q.o(.text.Mma8451q_Init)
    [Anonymous Symbol]                       0x0000058c   Section        0  main.o(.text.PORTA_IRQHandler)
    __arm_cp.2_0                             0x00000608   Number         4  main.o(.text.PORTA_IRQHandler)
    __arm_cp.2_1                             0x0000060c   Number         4  main.o(.text.PORTA_IRQHandler)
    __arm_cp.2_2                             0x00000610   Number         4  main.o(.text.PORTA_IRQHandler)
    __arm_cp.2_3                             0x00000614   Number         4  main.o(.text.PORTA_IRQHandler)
    Veneer$$LitPool                          0x00000618   Data           4  anon$$obj.o(Veneer$$LitPool)
    SysTick_Config                           0x0000061d   Thumb Code    32  main.o(.text.SysTick_Config)
    [Anonymous Symbol]                       0x0000061c   Section        0  main.o(.text.SysTick_Config)
    __arm_cp.1_0                             0x00000634   Number         4  main.o(.text.SysTick_Config)
    __arm_cp.1_1                             0x00000638   Number         4  main.o(.text.SysTick_Config)
    [Anonymous Symbol]                       0x0000063c   Section        0  main.o(.text.SysTick_Handler)
    __arm_cp.3_0                             0x0000064c   Number         4  main.o(.text.SysTick_Handler)
    __arm_cp.3_1                             0x00000650   Number         4  main.o(.text.SysTick_Handler)
    [Anonymous Symbol]                       0x00000654   Section        0  system_mkl05z4.o(.text.SystemInit)
    __arm_cp.0_0                             0x00000690   Number         4  system_mkl05z4.o(.text.SystemInit)
    __arm_cp.0_1                             0x00000694   Number         4  system_mkl05z4.o(.text.SystemInit)
    __arm_cp.0_2                             0x00000698   Number         4  system_mkl05z4.o(.text.SystemInit)
    __arm_cp.0_3                             0x0000069c   Number         4  system_mkl05z4.o(.text.SystemInit)
    [Anonymous Symbol]                       0x000006a0   Section        0  uart.o(.text.UART_Init)
    __arm_cp.0_0                             0x000006f8   Number         4  uart.o(.text.UART_Init)
    __arm_cp.0_1                             0x000006fc   Number         4  uart.o(.text.UART_Init)
    __arm_cp.0_2                             0x00000700   Number         4  uart.o(.text.UART_Init)
    __arm_cp.0_3                             0x00000704   Number         4  uart.o(.text.UART_Init)
    [Anonymous Symbol]                       0x00000708   Section        0  uart.o(.text.UART_Print)
    [Anonymous Symbol]                       0x00000728   Section        0  uart.o(.text.UART_Println)
    __NVIC_ClearPendingIRQ                   0x0000073d   Thumb Code    16  mma8451q.o(.text.__NVIC_ClearPendingIRQ)
    [Anonymous Symbol]                       0x0000073c   Section        0  mma8451q.o(.text.__NVIC_ClearPendingIRQ)
    __arm_cp.1_0                             0x00000748   Number         4  mma8451q.o(.text.__NVIC_ClearPendingIRQ)
    __NVIC_EnableIRQ                         0x0000074d   Thumb Code    16  mma8451q.o(.text.__NVIC_EnableIRQ)
    [Anonymous Symbol]                       0x0000074c   Section        0  mma8451q.o(.text.__NVIC_EnableIRQ)
    __arm_cp.2_0                             0x00000758   Number         4  mma8451q.o(.text.__NVIC_EnableIRQ)
    __NVIC_SetPriority                       0x0000075d   Thumb Code    24  main.o(.text.__NVIC_SetPriority)
    [Anonymous Symbol]                       0x0000075c   Section        0  main.o(.text.__NVIC_SetPriority)
    __arm_cp.4_0                             0x00000770   Number         4  main.o(.text.__NVIC_SetPriority)
    __NVIC_SetPriority                       0x00000775   Thumb Code    20  mma8451q.o(.text.__NVIC_SetPriority)
    [Anonymous Symbol]                       0x00000774   Section        0  mma8451q.o(.text.__NVIC_SetPriority)
    __arm_cp.3_0                             0x00000784   Number         4  mma8451q.o(.text.__NVIC_SetPriority)
    [Anonymous Symbol]                       0x00000788   Section        0  convert.o(.text.convert)
    __arm_cp.0_31                            0x00000ba4   Number         4  convert.o(.text.convert)
    __arm_cp.0_32                            0x00000ba8   Number         4  convert.o(.text.convert)
    __arm_cp.0_33                            0x00000bac   Number         4  convert.o(.text.convert)
    __arm_cp.0_34                            0x00000bb0   Number         4  convert.o(.text.convert)
    __arm_cp.0_35                            0x00000bb4   Number         4  convert.o(.text.convert)
    __arm_cp.0_36                            0x00000bb8   Number         4  convert.o(.text.convert)
    [Anonymous Symbol]                       0x00000c4c   Section        0  i2c.o(.text.i2c_enable)
    [Anonymous Symbol]                       0x00000c58   Section        0  i2c.o(.text.i2c_m_rstart)
    __arm_cp.16_0                            0x00000c6c   Number         4  i2c.o(.text.i2c_m_rstart)
    [Anonymous Symbol]                       0x00000c70   Section        0  i2c.o(.text.i2c_m_start)
    [Anonymous Symbol]                       0x00000c7c   Section        0  i2c.o(.text.i2c_m_stop)
    [Anonymous Symbol]                       0x00000c88   Section        0  i2c.o(.text.i2c_nack)
    [Anonymous Symbol]                       0x00000c94   Section        0  i2c.o(.text.i2c_rec)
    [Anonymous Symbol]                       0x00000ca0   Section        0  i2c.o(.text.i2c_recv)
    [Anonymous Symbol]                       0x00000ca8   Section        0  i2c.o(.text.i2c_send)
    __arm_cp.5_0                             0x00000cb0   Number         4  i2c.o(.text.i2c_send)
    [Anonymous Symbol]                       0x00000cb4   Section        0  i2c.o(.text.i2c_tran)
    __arm_cp.3_0                             0x00000cc0   Number         4  i2c.o(.text.i2c_tran)
    [Anonymous Symbol]                       0x00000cc4   Section        0  i2c.o(.text.i2c_wait)
    __arm_cp.6_0                             0x00000d04   Number         4  i2c.o(.text.i2c_wait)
    __arm_cp.6_1                             0x00000d08   Number         4  i2c.o(.text.i2c_wait)
    __arm_cp.6_2                             0x00000d0c   Number         4  i2c.o(.text.i2c_wait)
    [Anonymous Symbol]                       0x00000d10   Section        0  main.o(.text.main)
    __arm_cp.0_2                             0x00000dd4   Number         4  main.o(.text.main)
    __arm_cp.0_3                             0x00000dd8   Number         4  main.o(.text.main)
    __arm_cp.0_4                             0x00000ddc   Number         4  main.o(.text.main)
    __arm_cp.0_5                             0x00000de0   Number         4  main.o(.text.main)
    __arm_cp.0_6                             0x00000de4   Number         4  main.o(.text.main)
    __arm_cp.0_7                             0x00000de8   Number         4  main.o(.text.main)
    __arm_cp.0_8                             0x00000dec   Number         4  main.o(.text.main)
    __arm_cp.0_9                             0x00000df0   Number         4  main.o(.text.main)
    [Anonymous Symbol]                       0x00000df8   Section        0  uart.o(.text.uart_send)
    __arm_cp.2_0                             0x00000e08   Number         4  uart.o(.text.uart_send)
    .text_divfast                            0x00000e0c   Section      502  aeabi_sdivfast.o(.text_divfast)
    led                                      0x00001004   Data          48  led.o(.rodata.led)
    [Anonymous Symbol]                       0x00001004   Section        0  led.o(.rodata.led)
    .L.str.70                                0x00001034   Data           6  convert.o(.rodata.str1.1)
    [Anonymous Symbol]                       0x00001034   Section        0  convert.o(.rodata.str1.1)
    .L.str.68                                0x0000103a   Data           5  convert.o(.rodata.str1.1)
    .L.str.66                                0x0000103f   Data           6  convert.o(.rodata.str1.1)
    .L.str.64                                0x00001045   Data           6  convert.o(.rodata.str1.1)
    .L.str.62                                0x0000104b   Data           6  convert.o(.rodata.str1.1)
    .L.str.72                                0x00001050   Data           1  convert.o(.rodata.str1.1)
    letter                                   0x1ffffc04   Data           5  main.o(.data.letter)
    [Anonymous Symbol]                       0x1ffffc04   Section        0  main.o(.data.letter)
    .bss                                     0x1ffffc10   Section       96  libspace.o(.bss)
    ctrl_reg1_data                           0x1ffffc70   Data           1  mma8451q.o(.bss.ctrl_reg1_data)
    [Anonymous Symbol]                       0x1ffffc70   Section        0  mma8451q.o(.bss.ctrl_reg1_data)
    error                                    0x1ffffc71   Data           1  i2c.o(.bss.error)
    [Anonymous Symbol]                       0x1ffffc71   Section        0  i2c.o(.bss.error)
    iterator                                 0x1ffffc72   Data           1  main.o(.bss.iterator)
    [Anonymous Symbol]                       0x1ffffc72   Section        0  main.o(.bss.iterator)
    msTicks                                  0x1ffffc74   Data           2  main.o(.bss.msTicks)
    [Anonymous Symbol]                       0x1ffffc74   Section        0  main.o(.bss.msTicks)
    newTick                                  0x1ffffc76   Data           1  main.o(.bss.newTick)
    [Anonymous Symbol]                       0x1ffffc76   Section        0  main.o(.bss.newTick)
    readout                                  0x1ffffc77   Data           1  main.o(.bss.readout)
    [Anonymous Symbol]                       0x1ffffc77   Section        0  main.o(.bss.readout)
    Heap_Mem                                 0x1ffffc78   Data           0  startup_mkl05z4.o(HEAP)
    Stack_Mem                                0x1ffffc78   Data         768  startup_mkl05z4.o(STACK)
    HEAP                                     0x1ffffc78   Section        0  startup_mkl05z4.o(HEAP)
    STACK                                    0x1ffffc78   Section      768  startup_mkl05z4.o(STACK)
    __initial_sp                             0x1fffff78   Data           0  startup_mkl05z4.o(STACK)

    Global Symbols

    Symbol Name                              Value     Ov Type        Size  Object(Section)

    BuildAttributes$$THM_ISAv3M$S$PE$A:L22$X:L11$S22$IEEE1$IW$~IW$USESV6$~STKCKD$USESV7$~SHL$OTIME$ROPI$EBA8$UX$STANDARDLIB$REQ8$PRES8$EABIv2 0x00000000   Number         0  anon$$obj.o ABSOLUTE
    __Vectors                                0x00000000   Data           4  startup_mkl05z4.o(RESET)
    __ARM_exceptions_init                     - Undefined Weak Reference
    __alloca_initialize                       - Undefined Weak Reference
    __arm_preinit_                            - Undefined Weak Reference
    __cpp_initialize__aeabi_                  - Undefined Weak Reference
    __cxa_finalize                            - Undefined Weak Reference
    __rt_locale                               - Undefined Weak Reference
    __sigvec_lookup                           - Undefined Weak Reference
    _atexit_init                              - Undefined Weak Reference
    _call_atexit_fns                          - Undefined Weak Reference
    _clock_init                               - Undefined Weak Reference
    _fp_trap_init                             - Undefined Weak Reference
    _fp_trap_shutdown                         - Undefined Weak Reference
    _get_lc_collate                           - Undefined Weak Reference
    _get_lc_ctype                             - Undefined Weak Reference
    _get_lc_monetary                          - Undefined Weak Reference
    _get_lc_numeric                           - Undefined Weak Reference
    _get_lc_time                              - Undefined Weak Reference
    _getenv_init                              - Undefined Weak Reference
    _handle_redirection                       - Undefined Weak Reference
    _init_alloc                               - Undefined Weak Reference
    _init_user_alloc                          - Undefined Weak Reference
    _initio                                   - Undefined Weak Reference
    _rand_init                                - Undefined Weak Reference
    _signal_finish                            - Undefined Weak Reference
    _signal_init                              - Undefined Weak Reference
    _terminate_alloc                          - Undefined Weak Reference
    _terminate_user_alloc                     - Undefined Weak Reference
    _terminateio                              - Undefined Weak Reference
    __Vectors_End                            0x000000c0   Data           0  startup_mkl05z4.o(RESET)
    __Vectors_Size                           0x000000c0   Number         0  startup_mkl05z4.o ABSOLUTE
    __main                                   0x000000c1   Thumb Code     8  __main.o(!!!main)
    __scatterload                            0x000000c9   Thumb Code     0  __scatter.o(!!!scatter)
    __scatterload_rt2                        0x000000c9   Thumb Code    52  __scatter.o(!!!scatter)
    __scatterload_rt2_thumb_only             0x000000c9   Thumb Code     0  __scatter.o(!!!scatter)
    __scatterload_null                       0x000000d9   Thumb Code     0  __scatter.o(!!!scatter)
    __scatterload_copy                       0x00000105   Thumb Code    26  __scatter_copy.o(!!handler_copy)
    __scatterload_zeroinit                   0x00000121   Thumb Code    28  __scatter_zi.o(!!handler_zi)
    __rt_lib_init                            0x0000013d   Thumb Code     0  libinit.o(.ARM.Collect$$libinit$$00000000)
    __rt_lib_init_alloca_1                   0x0000013f   Thumb Code     0  libinit2.o(.ARM.Collect$$libinit$$0000002E)
    __rt_lib_init_argv_1                     0x0000013f   Thumb Code     0  libinit2.o(.ARM.Collect$$libinit$$0000002C)
    __rt_lib_init_atexit_1                   0x0000013f   Thumb Code     0  libinit2.o(.ARM.Collect$$libinit$$0000001B)
    __rt_lib_init_clock_1                    0x0000013f   Thumb Code     0  libinit2.o(.ARM.Collect$$libinit$$00000021)
    __rt_lib_init_cpp_1                      0x0000013f   Thumb Code     0  libinit2.o(.ARM.Collect$$libinit$$00000032)
    __rt_lib_init_exceptions_1               0x0000013f   Thumb Code     0  libinit2.o(.ARM.Collect$$libinit$$00000030)
    __rt_lib_init_fp_1                       0x0000013f   Thumb Code     0  libinit2.o(.ARM.Collect$$libinit$$00000002)
    __rt_lib_init_fp_trap_1                  0x0000013f   Thumb Code     0  libinit2.o(.ARM.Collect$$libinit$$0000001F)
    __rt_lib_init_getenv_1                   0x0000013f   Thumb Code     0  libinit2.o(.ARM.Collect$$libinit$$00000023)
    __rt_lib_init_heap_1                     0x0000013f   Thumb Code     0  libinit2.o(.ARM.Collect$$libinit$$0000000A)
    __rt_lib_init_lc_collate_1               0x0000013f   Thumb Code     0  libinit2.o(.ARM.Collect$$libinit$$00000011)
    __rt_lib_init_lc_ctype_1                 0x0000013f   Thumb Code     0  libinit2.o(.ARM.Collect$$libinit$$00000013)
    __rt_lib_init_lc_monetary_1              0x0000013f   Thumb Code     0  libinit2.o(.ARM.Collect$$libinit$$00000015)
    __rt_lib_init_lc_numeric_1               0x0000013f   Thumb Code     0  libinit2.o(.ARM.Collect$$libinit$$00000017)
    __rt_lib_init_lc_time_1                  0x0000013f   Thumb Code     0  libinit2.o(.ARM.Collect$$libinit$$00000019)
    __rt_lib_init_preinit_1                  0x0000013f   Thumb Code     0  libinit2.o(.ARM.Collect$$libinit$$00000004)
    __rt_lib_init_rand_1                     0x0000013f   Thumb Code     0  libinit2.o(.ARM.Collect$$libinit$$0000000E)
    __rt_lib_init_return                     0x0000013f   Thumb Code     0  libinit2.o(.ARM.Collect$$libinit$$00000033)
    __rt_lib_init_signal_1                   0x0000013f   Thumb Code     0  libinit2.o(.ARM.Collect$$libinit$$0000001D)
    __rt_lib_init_stdio_1                    0x0000013f   Thumb Code     0  libinit2.o(.ARM.Collect$$libinit$$00000025)
    __rt_lib_init_user_alloc_1               0x0000013f   Thumb Code     0  libinit2.o(.ARM.Collect$$libinit$$0000000C)
    __rt_lib_shutdown                        0x00000141   Thumb Code     0  libshutdown.o(.ARM.Collect$$libshutdown$$00000000)
    __rt_lib_shutdown_cpp_1                  0x00000143   Thumb Code     0  libshutdown2.o(.ARM.Collect$$libshutdown$$00000002)
    __rt_lib_shutdown_fp_trap_1              0x00000143   Thumb Code     0  libshutdown2.o(.ARM.Collect$$libshutdown$$00000007)
    __rt_lib_shutdown_heap_1                 0x00000143   Thumb Code     0  libshutdown2.o(.ARM.Collect$$libshutdown$$0000000F)
    __rt_lib_shutdown_return                 0x00000143   Thumb Code     0  libshutdown2.o(.ARM.Collect$$libshutdown$$00000010)
    __rt_lib_shutdown_signal_1               0x00000143   Thumb Code     0  libshutdown2.o(.ARM.Collect$$libshutdown$$0000000A)
    __rt_lib_shutdown_stdio_1                0x00000143   Thumb Code     0  libshutdown2.o(.ARM.Collect$$libshutdown$$00000004)
    __rt_lib_shutdown_user_alloc_1           0x00000143   Thumb Code     0  libshutdown2.o(.ARM.Collect$$libshutdown$$0000000C)
    __rt_entry                               0x00000145   Thumb Code     0  __rtentry.o(.ARM.Collect$$rtentry$$00000000)
    __rt_entry_presh_1                       0x00000145   Thumb Code     0  __rtentry2.o(.ARM.Collect$$rtentry$$00000002)
    __rt_entry_sh                            0x00000145   Thumb Code     0  __rtentry4.o(.ARM.Collect$$rtentry$$00000004)
    __rt_entry_li                            0x0000014b   Thumb Code     0  __rtentry2.o(.ARM.Collect$$rtentry$$0000000A)
    __rt_entry_postsh_1                      0x0000014b   Thumb Code     0  __rtentry2.o(.ARM.Collect$$rtentry$$00000009)
    __rt_entry_main                          0x0000014f   Thumb Code     0  __rtentry2.o(.ARM.Collect$$rtentry$$0000000D)
    __rt_entry_postli_1                      0x0000014f   Thumb Code     0  __rtentry2.o(.ARM.Collect$$rtentry$$0000000C)
    __rt_exit                                0x00000157   Thumb Code     0  rtexit.o(.ARM.Collect$$rtexit$$00000000)
    __rt_exit_ls                             0x00000159   Thumb Code     0  rtexit2.o(.ARM.Collect$$rtexit$$00000003)
    __rt_exit_prels_1                        0x00000159   Thumb Code     0  rtexit2.o(.ARM.Collect$$rtexit$$00000002)
    __rt_exit_exit                           0x0000015d   Thumb Code     0  rtexit2.o(.ARM.Collect$$rtexit$$00000004)
    Reset_Handler                            0x00000165   Thumb Code     8  startup_mkl05z4.o(.text)
    NMI_Handler                              0x0000016d   Thumb Code     2  startup_mkl05z4.o(.text)
    HardFault_Handler                        0x0000016f   Thumb Code     2  startup_mkl05z4.o(.text)
    SVC_Handler                              0x00000171   Thumb Code     2  startup_mkl05z4.o(.text)
    PendSV_Handler                           0x00000173   Thumb Code     2  startup_mkl05z4.o(.text)
    ADC0_IRQHandler                          0x00000177   Thumb Code     0  startup_mkl05z4.o(.text)
    CMP0_IRQHandler                          0x00000177   Thumb Code     0  startup_mkl05z4.o(.text)
    DAC0_IRQHandler                          0x00000177   Thumb Code     0  startup_mkl05z4.o(.text)
    DMA0_IRQHandler                          0x00000177   Thumb Code     0  startup_mkl05z4.o(.text)
    DMA1_IRQHandler                          0x00000177   Thumb Code     0  startup_mkl05z4.o(.text)
    DMA2_IRQHandler                          0x00000177   Thumb Code     0  startup_mkl05z4.o(.text)
    DMA3_IRQHandler                          0x00000177   Thumb Code     0  startup_mkl05z4.o(.text)
    DefaultISR                               0x00000177   Thumb Code     0  startup_mkl05z4.o(.text)
    FTFA_IRQHandler                          0x00000177   Thumb Code     0  startup_mkl05z4.o(.text)
    I2C0_IRQHandler                          0x00000177   Thumb Code     0  startup_mkl05z4.o(.text)
    LLW_IRQHandler                           0x00000177   Thumb Code     0  startup_mkl05z4.o(.text)
    LPTimer_IRQHandler                       0x00000177   Thumb Code     0  startup_mkl05z4.o(.text)
    LVD_LVW_IRQHandler                       0x00000177   Thumb Code     0  startup_mkl05z4.o(.text)
    MCG_IRQHandler                           0x00000177   Thumb Code     0  startup_mkl05z4.o(.text)
    PIT_IRQHandler                           0x00000177   Thumb Code     0  startup_mkl05z4.o(.text)
    PORTB_IRQHandler                         0x00000177   Thumb Code     0  startup_mkl05z4.o(.text)
    RTC_IRQHandler                           0x00000177   Thumb Code     0  startup_mkl05z4.o(.text)
    RTC_Seconds_IRQHandler                   0x00000177   Thumb Code     0  startup_mkl05z4.o(.text)
    Reserved20_IRQHandler                    0x00000177   Thumb Code     0  startup_mkl05z4.o(.text)
    Reserved25_IRQHandler                    0x00000177   Thumb Code     0  startup_mkl05z4.o(.text)
    Reserved27_IRQHandler                    0x00000177   Thumb Code     0  startup_mkl05z4.o(.text)
    Reserved29_IRQHandler                    0x00000177   Thumb Code     0  startup_mkl05z4.o(.text)
    Reserved30_IRQHandler                    0x00000177   Thumb Code     0  startup_mkl05z4.o(.text)
    Reserved35_IRQHandler                    0x00000177   Thumb Code     0  startup_mkl05z4.o(.text)
    Reserved39_IRQHandler                    0x00000177   Thumb Code     0  startup_mkl05z4.o(.text)
    Reserved40_IRQHandler                    0x00000177   Thumb Code     0  startup_mkl05z4.o(.text)
    Reserved45_IRQHandler                    0x00000177   Thumb Code     0  startup_mkl05z4.o(.text)
    SPI0_IRQHandler                          0x00000177   Thumb Code     0  startup_mkl05z4.o(.text)
    TPM0_IRQHandler                          0x00000177   Thumb Code     0  startup_mkl05z4.o(.text)
    TPM1_IRQHandler                          0x00000177   Thumb Code     0  startup_mkl05z4.o(.text)
    TSI0_IRQHandler                          0x00000177   Thumb Code     0  startup_mkl05z4.o(.text)
    UART0_IRQHandler                         0x00000177   Thumb Code     0  startup_mkl05z4.o(.text)
    __user_initial_stackheap                 0x00000179   Thumb Code     0  startup_mkl05z4.o(.text)
    strcmp                                   0x00000199   Thumb Code   176  strcmpv6m.o(.text)
    __use_two_region_memory                  0x00000249   Thumb Code     2  heapauxi.o(.text)
    __rt_heap_escrow$2region                 0x0000024b   Thumb Code     2  heapauxi.o(.text)
    __rt_heap_expand$2region                 0x0000024d   Thumb Code     2  heapauxi.o(.text)
    __user_setup_stackheap                   0x0000024f   Thumb Code    62  sys_stackheap_outer.o(.text)
    exit                                     0x0000028d   Thumb Code    16  exit.o(.text)
    __user_libspace                          0x0000029d   Thumb Code     8  libspace.o(.text)
    __user_perproc_libspace                  0x0000029d   Thumb Code     0  libspace.o(.text)
    __user_perthread_libspace                0x0000029d   Thumb Code     0  libspace.o(.text)
    _sys_exit                                0x000002a5   Thumb Code     8  sys_exit.o(.text)
    __I$use$semihosting                      0x000002b1   Thumb Code     0  use_no_semi.o(.text)
    __use_no_semihosting_swi                 0x000002b1   Thumb Code     2  use_no_semi.o(.text)
    __semihosting_library_function           0x000002b3   Thumb Code     0  indicate_semi.o(.text)
    I2C_Init                                 0x000002b5   Thumb Code    84  i2c.o(.text.I2C_Init)
    I2C_ReadReg                              0x00000309   Thumb Code   104  i2c.o(.text.I2C_ReadReg)
    I2C_WriteReg                             0x00000371   Thumb Code    80  i2c.o(.text.I2C_WriteReg)
    LED_Blink                                0x000003c1   Thumb Code    52  led.o(.text.LED_Blink)
    i2c_disable                              0x000003f5   Thumb Code    12  i2c.o(.text.i2c_disable)
    LED_Ctrl                                 0x00000411   Thumb Code    60  led.o(.text.LED_Ctrl)
    LED_Init                                 0x0000044d   Thumb Code    60  led.o(.text.LED_Init)
    LED_Welcome                              0x00000489   Thumb Code    20  led.o(.text.LED_Welcome)
    Mma8451q_Init                            0x0000049d   Thumb Code   240  mma8451q.o(.text.Mma8451q_Init)
    PORTA_IRQHandler                         0x0000058d   Thumb Code   140  main.o(.text.PORTA_IRQHandler)
    SysTick_Handler                          0x0000063d   Thumb Code    24  main.o(.text.SysTick_Handler)
    SystemInit                               0x00000655   Thumb Code    76  system_mkl05z4.o(.text.SystemInit)
    UART_Init                                0x000006a1   Thumb Code   104  uart.o(.text.UART_Init)
    UART_Print                               0x00000709   Thumb Code    30  uart.o(.text.UART_Print)
    UART_Println                             0x00000729   Thumb Code    20  uart.o(.text.UART_Println)
    convert                                  0x00000789   Thumb Code  1220  convert.o(.text.convert)
    i2c_enable                               0x00000c4d   Thumb Code    12  i2c.o(.text.i2c_enable)
    i2c_m_rstart                             0x00000c59   Thumb Code    24  i2c.o(.text.i2c_m_rstart)
    i2c_m_start                              0x00000c71   Thumb Code    12  i2c.o(.text.i2c_m_start)
    i2c_m_stop                               0x00000c7d   Thumb Code    12  i2c.o(.text.i2c_m_stop)
    i2c_nack                                 0x00000c89   Thumb Code    12  i2c.o(.text.i2c_nack)
    i2c_rec                                  0x00000c95   Thumb Code    12  i2c.o(.text.i2c_rec)
    i2c_recv                                 0x00000ca1   Thumb Code     8  i2c.o(.text.i2c_recv)
    i2c_send                                 0x00000ca9   Thumb Code    12  i2c.o(.text.i2c_send)
    i2c_tran                                 0x00000cb5   Thumb Code    16  i2c.o(.text.i2c_tran)
    i2c_wait                                 0x00000cc5   Thumb Code    76  i2c.o(.text.i2c_wait)
    main                                     0x00000d11   Thumb Code   232  main.o(.text.main)
    uart_send                                0x00000df9   Thumb Code    20  uart.o(.text.uart_send)
    __aeabi_uidiv                            0x00000e0d   Thumb Code    68  aeabi_sdivfast.o(.text_divfast)
    __aeabi_idiv                             0x00000e51   Thumb Code   434  aeabi_sdivfast.o(.text_divfast)
    Region$$Table$$Base                      0x00001054   Number         0  anon$$obj.o(Region$$Table)
    Region$$Table$$Limit                     0x00001074   Number         0  anon$$obj.o(Region$$Table)
    SystemCoreClock                          0x1ffffc00   Data           4  system_mkl05z4.o(.data.SystemCoreClock)
    __libspace_start                         0x1ffffc10   Data          96  libspace.o(.bss)
    __temporary_stack_top$libspace           0x1ffffc70   Data           0  libspace.o(.bss)



==============================================================================

Memory Map of the image

  Image Entry point : 0x000000c1

  Load Region LR_IROM1 (Base: 0x00000000, Size: 0x00001088, Max: 0x00008000, ABSOLUTE)

    Execution Region ER_IROM1 (Exec base: 0x00000000, Load base: 0x00000000, Size: 0x00001074, Max: 0x00008000, ABSOLUTE)

    Exec Addr    Load Addr    Size         Type   Attr      Idx    E Section Name        Object

    0x00000000   0x00000000   0x000000c0   Data   RO          132    RESET               startup_mkl05z4.o
    0x000000c0   0x000000c0   0x00000008   Code   RO          169  * !!!main             c_p.l(__main.o)
    0x000000c8   0x000000c8   0x0000003c   Code   RO          344    !!!scatter          c_p.l(__scatter.o)
    0x00000104   0x00000104   0x0000001a   Code   RO          346    !!handler_copy      c_p.l(__scatter_copy.o)
    0x0000011e   0x0000011e   0x00000002   PAD
    0x00000120   0x00000120   0x0000001c   Code   RO          348    !!handler_zi        c_p.l(__scatter_zi.o)
    0x0000013c   0x0000013c   0x00000002   Code   RO          207    .ARM.Collect$$libinit$$00000000  c_p.l(libinit.o)
    0x0000013e   0x0000013e   0x00000000   Code   RO          221    .ARM.Collect$$libinit$$00000002  c_p.l(libinit2.o)
    0x0000013e   0x0000013e   0x00000000   Code   RO          223    .ARM.Collect$$libinit$$00000004  c_p.l(libinit2.o)
    0x0000013e   0x0000013e   0x00000000   Code   RO          226    .ARM.Collect$$libinit$$0000000A  c_p.l(libinit2.o)
    0x0000013e   0x0000013e   0x00000000   Code   RO          228    .ARM.Collect$$libinit$$0000000C  c_p.l(libinit2.o)
    0x0000013e   0x0000013e   0x00000000   Code   RO          230    .ARM.Collect$$libinit$$0000000E  c_p.l(libinit2.o)
    0x0000013e   0x0000013e   0x00000000   Code   RO          233    .ARM.Collect$$libinit$$00000011  c_p.l(libinit2.o)
    0x0000013e   0x0000013e   0x00000000   Code   RO          235    .ARM.Collect$$libinit$$00000013  c_p.l(libinit2.o)
    0x0000013e   0x0000013e   0x00000000   Code   RO          237    .ARM.Collect$$libinit$$00000015  c_p.l(libinit2.o)
    0x0000013e   0x0000013e   0x00000000   Code   RO          239    .ARM.Collect$$libinit$$00000017  c_p.l(libinit2.o)
    0x0000013e   0x0000013e   0x00000000   Code   RO          241    .ARM.Collect$$libinit$$00000019  c_p.l(libinit2.o)
    0x0000013e   0x0000013e   0x00000000   Code   RO          243    .ARM.Collect$$libinit$$0000001B  c_p.l(libinit2.o)
    0x0000013e   0x0000013e   0x00000000   Code   RO          245    .ARM.Collect$$libinit$$0000001D  c_p.l(libinit2.o)
    0x0000013e   0x0000013e   0x00000000   Code   RO          247    .ARM.Collect$$libinit$$0000001F  c_p.l(libinit2.o)
    0x0000013e   0x0000013e   0x00000000   Code   RO          249    .ARM.Collect$$libinit$$00000021  c_p.l(libinit2.o)
    0x0000013e   0x0000013e   0x00000000   Code   RO          251    .ARM.Collect$$libinit$$00000023  c_p.l(libinit2.o)
    0x0000013e   0x0000013e   0x00000000   Code   RO          253    .ARM.Collect$$libinit$$00000025  c_p.l(libinit2.o)
    0x0000013e   0x0000013e   0x00000000   Code   RO          257    .ARM.Collect$$libinit$$0000002C  c_p.l(libinit2.o)
    0x0000013e   0x0000013e   0x00000000   Code   RO          259    .ARM.Collect$$libinit$$0000002E  c_p.l(libinit2.o)
    0x0000013e   0x0000013e   0x00000000   Code   RO          261    .ARM.Collect$$libinit$$00000030  c_p.l(libinit2.o)
    0x0000013e   0x0000013e   0x00000000   Code   RO          263    .ARM.Collect$$libinit$$00000032  c_p.l(libinit2.o)
    0x0000013e   0x0000013e   0x00000002   Code   RO          264    .ARM.Collect$$libinit$$00000033  c_p.l(libinit2.o)
    0x00000140   0x00000140   0x00000002   Code   RO          299    .ARM.Collect$$libshutdown$$00000000  c_p.l(libshutdown.o)
    0x00000142   0x00000142   0x00000000   Code   RO          327    .ARM.Collect$$libshutdown$$00000002  c_p.l(libshutdown2.o)
    0x00000142   0x00000142   0x00000000   Code   RO          329    .ARM.Collect$$libshutdown$$00000004  c_p.l(libshutdown2.o)
    0x00000142   0x00000142   0x00000000   Code   RO          332    .ARM.Collect$$libshutdown$$00000007  c_p.l(libshutdown2.o)
    0x00000142   0x00000142   0x00000000   Code   RO          335    .ARM.Collect$$libshutdown$$0000000A  c_p.l(libshutdown2.o)
    0x00000142   0x00000142   0x00000000   Code   RO          337    .ARM.Collect$$libshutdown$$0000000C  c_p.l(libshutdown2.o)
    0x00000142   0x00000142   0x00000000   Code   RO          340    .ARM.Collect$$libshutdown$$0000000F  c_p.l(libshutdown2.o)
    0x00000142   0x00000142   0x00000002   Code   RO          341    .ARM.Collect$$libshutdown$$00000010  c_p.l(libshutdown2.o)
    0x00000144   0x00000144   0x00000000   Code   RO          171    .ARM.Collect$$rtentry$$00000000  c_p.l(__rtentry.o)
    0x00000144   0x00000144   0x00000000   Code   RO          177    .ARM.Collect$$rtentry$$00000002  c_p.l(__rtentry2.o)
    0x00000144   0x00000144   0x00000006   Code   RO          189    .ARM.Collect$$rtentry$$00000004  c_p.l(__rtentry4.o)
    0x0000014a   0x0000014a   0x00000000   Code   RO          179    .ARM.Collect$$rtentry$$00000009  c_p.l(__rtentry2.o)
    0x0000014a   0x0000014a   0x00000004   Code   RO          180    .ARM.Collect$$rtentry$$0000000A  c_p.l(__rtentry2.o)
    0x0000014e   0x0000014e   0x00000000   Code   RO          182    .ARM.Collect$$rtentry$$0000000C  c_p.l(__rtentry2.o)
    0x0000014e   0x0000014e   0x00000008   Code   RO          183    .ARM.Collect$$rtentry$$0000000D  c_p.l(__rtentry2.o)
    0x00000156   0x00000156   0x00000002   Code   RO          212    .ARM.Collect$$rtexit$$00000000  c_p.l(rtexit.o)
    0x00000158   0x00000158   0x00000000   Code   RO          270    .ARM.Collect$$rtexit$$00000002  c_p.l(rtexit2.o)
    0x00000158   0x00000158   0x00000004   Code   RO          271    .ARM.Collect$$rtexit$$00000003  c_p.l(rtexit2.o)
    0x0000015c   0x0000015c   0x00000006   Code   RO          272    .ARM.Collect$$rtexit$$00000004  c_p.l(rtexit2.o)
    0x00000162   0x00000162   0x00000002   PAD
    0x00000164   0x00000164   0x00000034   Code   RO          134    .text               startup_mkl05z4.o
    0x00000198   0x00000198   0x000000b0   Code   RO          157    .text               c_p.l(strcmpv6m.o)
    0x00000248   0x00000248   0x00000006   Code   RO          167    .text               c_p.l(heapauxi.o)
    0x0000024e   0x0000024e   0x0000003e   Code   RO          193    .text               c_p.l(sys_stackheap_outer.o)
    0x0000028c   0x0000028c   0x00000010   Code   RO          196    .text               c_p.l(exit.o)
    0x0000029c   0x0000029c   0x00000008   Code   RO          208    .text               c_p.l(libspace.o)
    0x000002a4   0x000002a4   0x0000000c   Code   RO          265    .text               c_p.l(sys_exit.o)
    0x000002b0   0x000002b0   0x00000002   Code   RO          288    .text               c_p.l(use_no_semi.o)
    0x000002b2   0x000002b2   0x00000000   Code   RO          290    .text               c_p.l(indicate_semi.o)
    0x000002b2   0x000002b2   0x00000002   PAD
    0x000002b4   0x000002b4   0x00000054   Code   RO           25    .text.I2C_Init      i2c.o
    0x00000308   0x00000308   0x00000068   Code   RO           55    .text.I2C_ReadReg   i2c.o
    0x00000370   0x00000370   0x00000050   Code   RO           53    .text.I2C_WriteReg  i2c.o
    0x000003c0   0x000003c0   0x00000034   Code   RO           76    .text.LED_Blink     led.o
    0x000003f4   0x000003f4   0x0000000c   Code   RO           41    .text.i2c_disable   i2c.o
    0x00000400   0x00000400   0x00000010   Code   RO          133    .ARM.__at_0x400     startup_mkl05z4.o
    0x00000410   0x00000410   0x0000003c   Code   RO           74    .text.LED_Ctrl      led.o
    0x0000044c   0x0000044c   0x0000003c   Code   RO           72    .text.LED_Init      led.o
    0x00000488   0x00000488   0x00000014   Code   RO           78    .text.LED_Welcome   led.o
    0x0000049c   0x0000049c   0x000000f0   Code   RO          105    .text.Mma8451q_Init  mma8451q.o
    0x0000058c   0x0000058c   0x0000008c   Code   RO            6    .text.PORTA_IRQHandler  main.o
    0x00000618   0x00000618   0x00000004   Code   RO          350    Veneer$$LitPool     anon$$obj.o
    0x0000061c   0x0000061c   0x00000020   Code   RO            4    .text.SysTick_Config  main.o
    0x0000063c   0x0000063c   0x00000018   Code   RO            8    .text.SysTick_Handler  main.o
    0x00000654   0x00000654   0x0000004c   Code   RO          143    .text.SystemInit    system_mkl05z4.o
    0x000006a0   0x000006a0   0x00000068   Code   RO           89    .text.UART_Init     uart.o
    0x00000708   0x00000708   0x0000001e   Code   RO           91    .text.UART_Print    uart.o
    0x00000726   0x00000726   0x00000002   PAD
    0x00000728   0x00000728   0x00000014   Code   RO           95    .text.UART_Println  uart.o
    0x0000073c   0x0000073c   0x00000010   Code   RO          107    .text.__NVIC_ClearPendingIRQ  mma8451q.o
    0x0000074c   0x0000074c   0x00000010   Code   RO          109    .text.__NVIC_EnableIRQ  mma8451q.o
    0x0000075c   0x0000075c   0x00000018   Code   RO           10    .text.__NVIC_SetPriority  main.o
    0x00000774   0x00000774   0x00000014   Code   RO          111    .text.__NVIC_SetPriority  mma8451q.o
    0x00000788   0x00000788   0x000004c4   Code   RO          121    .text.convert       convert.o
    0x00000c4c   0x00000c4c   0x0000000c   Code   RO           29    .text.i2c_enable    i2c.o
    0x00000c58   0x00000c58   0x00000018   Code   RO           57    .text.i2c_m_rstart  i2c.o
    0x00000c70   0x00000c70   0x0000000c   Code   RO           33    .text.i2c_m_start   i2c.o
    0x00000c7c   0x00000c7c   0x0000000c   Code   RO           39    .text.i2c_m_stop    i2c.o
    0x00000c88   0x00000c88   0x0000000c   Code   RO           49    .text.i2c_nack      i2c.o
    0x00000c94   0x00000c94   0x0000000c   Code   RO           47    .text.i2c_rec       i2c.o
    0x00000ca0   0x00000ca0   0x00000008   Code   RO           51    .text.i2c_recv      i2c.o
    0x00000ca8   0x00000ca8   0x0000000c   Code   RO           35    .text.i2c_send      i2c.o
    0x00000cb4   0x00000cb4   0x00000010   Code   RO           31    .text.i2c_tran      i2c.o
    0x00000cc4   0x00000cc4   0x0000004c   Code   RO           37    .text.i2c_wait      i2c.o
    0x00000d10   0x00000d10   0x000000e8   Code   RO            2    .text.main          main.o
    0x00000df8   0x00000df8   0x00000014   Code   RO           93    .text.uart_send     uart.o
    0x00000e0c   0x00000e0c   0x000001f6   Code   RO          160    .text_divfast       c_p.l(aeabi_sdivfast.o)
    0x00001002   0x00001002   0x00000002   PAD
    0x00001004   0x00001004   0x00000030   Data   RO           80    .rodata.led         led.o
    0x00001034   0x00001034   0x0000001d   Data   RO          123    .rodata.str1.1      convert.o
    0x00001051   0x00001051   0x00000003   PAD
    0x00001054   0x00001054   0x00000020   Data   RO          343    Region$$Table       anon$$obj.o


    Execution Region RW_IRAM1 (Exec base: 0x1ffffc00, Load base: 0x00001078, Size: 0x00000378, Max: 0x00001000, ABSOLUTE)

    Exec Addr    Load Addr    Size         Type   Attr      Idx    E Section Name        Object

    0x1ffffc00   0x00001078   0x00000004   Data   RW          147    .data.SystemCoreClock  system_mkl05z4.o
    0x1ffffc04   0x0000107c   0x00000005   Data   RW           14    .data.letter        main.o
    0x1ffffc09   0x00001081   0x00000007   PAD
    0x1ffffc10        -       0x00000060   Zero   RW          209    .bss                c_p.l(libspace.o)
    0x1ffffc70        -       0x00000001   Zero   RW          113    .bss.ctrl_reg1_data  mma8451q.o
    0x1ffffc71        -       0x00000001   Zero   RW           63    .bss.error          i2c.o
    0x1ffffc72        -       0x00000001   Zero   RW           15    .bss.iterator       main.o
    0x1ffffc73   0x00001081   0x00000001   PAD
    0x1ffffc74        -       0x00000002   Zero   RW           13    .bss.msTicks        main.o
    0x1ffffc76        -       0x00000001   Zero   RW           12    .bss.newTick        main.o
    0x1ffffc77        -       0x00000001   Zero   RW           16    .bss.readout        main.o
    0x1ffffc78        -       0x00000000   Zero   RW          131    HEAP                startup_mkl05z4.o
    0x1ffffc78        -       0x00000300   Zero   RW          130    STACK               startup_mkl05z4.o


==============================================================================

Image component sizes


      Code (inc. data)   RO Data    RW Data    ZI Data      Debug   Object Name

      1220        416         29          0          0       1117   convert.o
       476         40          0          0          1       5041   i2c.o
       192          8         48          0          0       2983   led.o
       452        140          0          5          5       3379   main.o
       292         60          0          0          1       3452   mma8451q.o
        68         38        192          0        768        848   startup_mkl05z4.o
        76         16          0          4          0       2328   system_mkl05z4.o
       174         24          0          0          0       2564   uart.o

    ----------------------------------------------------------------------
      2956        746        304         12        780      21712   Object Totals
         4          4         32          0          0          0   (incl. Generated)
         2          0          3          3          5          0   (incl. Padding)

    ----------------------------------------------------------------------

      Code (inc. data)   RO Data    RW Data    ZI Data      Debug   Library Member Name

         8          0          0          0          0         68   __main.o
         0          0          0          0          0          0   __rtentry.o
        12          0          0          0          0          0   __rtentry2.o
         6          0          0          0          0          0   __rtentry4.o
        60          8          0          0          0          0   __scatter.o
        26          0          0          0          0          0   __scatter_copy.o
        28          0          0          0          0          0   __scatter_zi.o
       502          0          0          0          0         92   aeabi_sdivfast.o
        16          0          0          0          0         68   exit.o
         6          0          0          0          0        136   heapauxi.o
         0          0          0          0          0          0   indicate_semi.o
         2          0          0          0          0          0   libinit.o
         2          0          0          0          0          0   libinit2.o
         2          0          0          0          0          0   libshutdown.o
         2          0          0          0          0          0   libshutdown2.o
         8          4          0          0         96         68   libspace.o
         2          0          0          0          0          0   rtexit.o
        10          0          0          0          0          0   rtexit2.o
       176          4          0          0          0         80   strcmpv6m.o
        12          4          0          0          0         60   sys_exit.o
        62          0          0          0          0         80   sys_stackheap_outer.o
         2          0          0          0          0         68   use_no_semi.o

    ----------------------------------------------------------------------
       952         20          0          0         96        720   Library Totals
         8          0          0          0          0          0   (incl. Padding)

    ----------------------------------------------------------------------

      Code (inc. data)   RO Data    RW Data    ZI Data      Debug   Library Name

       944         20          0          0         96        720   c_p.l

    ----------------------------------------------------------------------
       952         20          0          0         96        720   Library Totals

    ----------------------------------------------------------------------

==============================================================================


      Code (inc. data)   RO Data    RW Data    ZI Data      Debug   

      3908        766        304         12        876      22140   Grand Totals
      3908        766        304         12        876      22140   ELF Image Totals
      3908        766        304         12          0          0   ROM Totals

==============================================================================

    Total RO  Size (Code + RO Data)                 4212 (   4.11kB)
    Total RW  Size (RW Data + ZI Data)               888 (   0.87kB)
    Total ROM Size (Code + RO Data + RW Data)       4224 (   4.13kB)

==============================================================================

